\BOOKMARK [1][-]{section.1}{\376\377\133\236\232\214\166\356\166\204}{}% 1
\BOOKMARK [1][-]{section.2}{\376\377\145\160\143\156\147\145\156\220\116\016\133\236\232\214\213\276\213\241}{}% 2
\BOOKMARK [2][-]{subsection.2.1}{\376\377\145\160\143\156\147\145\156\220}{section.2}% 3
\BOOKMARK [2][-]{subsection.2.2}{\376\377\145\160\143\156\165\037\142\020\155\101\172\013}{section.2}% 4
\BOOKMARK [2][-]{subsection.2.3}{\376\377\000E\000a\000s\000y\000\040\116\016\000\040\000H\000a\000r\000d\000\040\133\236\232\214\213\276\177\156}{section.2}% 5
\BOOKMARK [1][-]{section.3}{\376\377\133\236\232\214\163\257\130\203\116\016\221\115\177\156}{}% 6
\BOOKMARK [2][-]{subsection.3.1}{\376\377\170\154\116\366\116\016\217\157\116\366\163\257\130\203}{section.3}% 7
\BOOKMARK [2][-]{subsection.3.2}{\376\377\116\343\170\001\176\323\147\204}{section.3}% 8
\BOOKMARK [1][-]{section.4}{\376\377\152\041\127\213\145\271\154\325\116\016\133\236\163\260}{}% 9
\BOOKMARK [2][-]{subsection.4.1}{\376\377\145\366\230\221\162\171\137\201\143\320\123\326}{section.4}% 10
\BOOKMARK [2][-]{subsection.4.2}{\376\377\000B\000L\000S\000T\000M\000\040\217\157\143\251\170\001\152\041\127\213}{section.4}% 11
\BOOKMARK [2][-]{subsection.4.3}{\376\377\177\156\143\142\116\015\123\330\213\255\176\303\143\137\131\061}{section.4}% 12
\BOOKMARK [2][-]{subsection.4.4}{\376\377\121\163\225\056\116\343\170\001\133\236\163\260}{section.4}% 13
\BOOKMARK [2][-]{subsection.4.5}{\376\377\213\304\117\060\143\007\150\007}{section.4}% 14
\BOOKMARK [1][-]{section.5}{\376\377\133\236\232\214\176\323\147\234\116\016\213\304\117\060}{}% 15
\BOOKMARK [2][-]{subsection.5.1}{\376\377\213\255\176\303\213\276\177\156\116\016\145\345\137\327\122\006\147\220}{section.5}% 16
\BOOKMARK [2][-]{subsection.5.2}{\376\377\145\164\117\123\213\304\117\060\176\323\147\234}{section.5}% 17
\BOOKMARK [2][-]{subsection.5.3}{\376\377\134\125\171\072\150\067\117\213\176\323\147\234}{section.5}% 18
\BOOKMARK [2][-]{subsection.5.4}{\376\377\213\255\176\303\226\306\116\016\232\214\213\301\226\306\154\333\123\026\133\371\153\324}{section.5}% 19
\BOOKMARK [2][-]{subsection.5.5}{\376\377\131\061\215\045\150\110\117\213\116\016\145\071\217\333\123\315\140\035}{section.5}% 20
\BOOKMARK [2][-]{subsection.5.6}{\376\377\147\000\117\030\116\016\147\000\135\356\150\067\147\054\122\006\147\220}{section.5}% 21
\BOOKMARK [1][-]{section.6}{\376\377\000G\000U\000I\000\040\213\276\213\241\213\364\146\016}{}% 22
\BOOKMARK [2][-]{subsection.6.1}{\376\377\213\276\213\241\166\356\150\007}{section.6}% 23
\BOOKMARK [2][-]{subsection.6.2}{\376\377\230\165\227\142\176\323\147\204}{section.6}% 24
\BOOKMARK [2][-]{subsection.6.3}{\376\377\126\152\130\360\134\125\171\072\213\276\213\241}{section.6}% 25
\BOOKMARK [2][-]{subsection.6.4}{\376\377\217\223\121\372\166\356\137\125}{section.6}% 26
\BOOKMARK [1][-]{section.7}{\376\377\140\073\176\323\116\016\145\071\217\333\145\271\124\021}{}% 27
